
There are no discarded input sections

Memory Configuration

Name             Origin             Length             Attributes
*default*        0x00000000         0xffffffff

Linker script and memory map

LOAD /var/folders/48/zg4mhgvx6hdd32cd1k49z1vm0000gn/T//ccMLe9D2.o
LOAD /var/folders/48/zg4mhgvx6hdd32cd1k49z1vm0000gn/T//cceClb19.o
LOAD /var/folders/48/zg4mhgvx6hdd32cd1k49z1vm0000gn/T//ccEJzQZN.o
                0x80000000                        . = 0x80000000
                0x80000000                        __kernel_start = .

.text           0x80000000      0x1c8
 *(.text.boot)
 *(.text .text.*)
 .text          0x80000000       0x90 /var/folders/48/zg4mhgvx6hdd32cd1k49z1vm0000gn/T//ccMLe9D2.o
                0x80000000                boot
                0x80000078                cpuid
                0x80000080                disable_interrupts
                0x80000088                enable_interrupts
 .text          0x80000090       0xc4 /var/folders/48/zg4mhgvx6hdd32cd1k49z1vm0000gn/T//cceClb19.o
                0x80000090                console_putc
                0x800000cc                console_puts
                0x80000110                kernel_main
 .text          0x80000154       0x74 /var/folders/48/zg4mhgvx6hdd32cd1k49z1vm0000gn/T//ccEJzQZN.o
                0x80000154                acquire
                0x80000198                release

.rodata         0x800001c8       0x2b
 *(.rodata .rodata.*)
 .rodata.str1.4
                0x800001c8       0x2b /var/folders/48/zg4mhgvx6hdd32cd1k49z1vm0000gn/T//cceClb19.o

.rela.dyn       0x800001f4        0x0
 .rela.text     0x800001f4        0x0 /var/folders/48/zg4mhgvx6hdd32cd1k49z1vm0000gn/T//ccMLe9D2.o

.data           0x800001f4        0x0
 *(.data .data.*)
 .data          0x800001f4        0x0 /var/folders/48/zg4mhgvx6hdd32cd1k49z1vm0000gn/T//ccMLe9D2.o
 .data          0x800001f4        0x0 /var/folders/48/zg4mhgvx6hdd32cd1k49z1vm0000gn/T//cceClb19.o
 .data          0x800001f4        0x0 /var/folders/48/zg4mhgvx6hdd32cd1k49z1vm0000gn/T//ccEJzQZN.o

.bss            0x800001f4        0x4
                0x800001f4                        __bss = .
 *(.bss .bss.* .sbss .sbss.*)
 .bss           0x800001f4        0x0 /var/folders/48/zg4mhgvx6hdd32cd1k49z1vm0000gn/T//ccMLe9D2.o
 .bss           0x800001f4        0x0 /var/folders/48/zg4mhgvx6hdd32cd1k49z1vm0000gn/T//cceClb19.o
 .sbss          0x800001f4        0x4 /var/folders/48/zg4mhgvx6hdd32cd1k49z1vm0000gn/T//cceClb19.o
                0x800001f4                lk
 .bss           0x800001f8        0x0 /var/folders/48/zg4mhgvx6hdd32cd1k49z1vm0000gn/T//ccEJzQZN.o
                0x800001f8                        __bss_end = .
                0x80001000                        . = ALIGN (0x1000)
                0x80001000                        __stack0 = .
                0x80005000                        . = (. + 0x4000)
                0x80005000                        __kernel_end = .
OUTPUT(kernel elf32-littleriscv)

.riscv.attributes
                0x00000000       0x4f
 .riscv.attributes
                0x00000000       0x4d /var/folders/48/zg4mhgvx6hdd32cd1k49z1vm0000gn/T//ccMLe9D2.o
 .riscv.attributes
                0x0000004d       0x4b /var/folders/48/zg4mhgvx6hdd32cd1k49z1vm0000gn/T//cceClb19.o
 .riscv.attributes
                0x00000098       0x4b /var/folders/48/zg4mhgvx6hdd32cd1k49z1vm0000gn/T//ccEJzQZN.o

.comment        0x00000000       0x19
 .comment       0x00000000       0x19 /var/folders/48/zg4mhgvx6hdd32cd1k49z1vm0000gn/T//cceClb19.o
                                 0x1a (size before relaxing)
 .comment       0x00000019        0x0 /var/folders/48/zg4mhgvx6hdd32cd1k49z1vm0000gn/T//ccEJzQZN.o
                                 0x1a (size before relaxing)

.note.GNU-stack
                0x00000000        0x0
 .note.GNU-stack
                0x00000000        0x0 /var/folders/48/zg4mhgvx6hdd32cd1k49z1vm0000gn/T//cceClb19.o
 .note.GNU-stack
                0x00000000        0x0 /var/folders/48/zg4mhgvx6hdd32cd1k49z1vm0000gn/T//ccEJzQZN.o
