
There are no discarded input sections

Memory Configuration

Name             Origin             Length             Attributes
RAM              0x80000000         0x08000000         xrw
*default*        0x00000000         0xffffffff

Linker script and memory map

LOAD /var/folders/w4/s3c6b8t56yb0f0qx4n2cc2f00000gn/T//ccgiG2fq.o
LOAD /var/folders/w4/s3c6b8t56yb0f0qx4n2cc2f00000gn/T//cc5gSZPa.o
                0x80000000                        . = 0x80000000

.text           0x80000000       0xb0
 *(.text.boot)
 *(.text .text.*)
 .text          0x80000000        0xc /var/folders/w4/s3c6b8t56yb0f0qx4n2cc2f00000gn/T//ccgiG2fq.o
                0x80000000                boot
 .text          0x8000000c       0xa4 /var/folders/w4/s3c6b8t56yb0f0qx4n2cc2f00000gn/T//cc5gSZPa.o
                0x8000000c                console_putc
                0x80000048                console_puts
                0x8000008c                kernel_main

.rodata         0x800000b0        0xe
 *(.rodata .rodata.*)
 .rodata.str1.4
                0x800000b0        0xe /var/folders/w4/s3c6b8t56yb0f0qx4n2cc2f00000gn/T//cc5gSZPa.o

.rela.dyn       0x800000c0        0x0
 .rela.text     0x800000c0        0x0 /var/folders/w4/s3c6b8t56yb0f0qx4n2cc2f00000gn/T//ccgiG2fq.o

.data           0x800000c0        0x0
 *(.data .data.*)
 .data          0x800000c0        0x0 /var/folders/w4/s3c6b8t56yb0f0qx4n2cc2f00000gn/T//ccgiG2fq.o
 .data          0x800000c0        0x0 /var/folders/w4/s3c6b8t56yb0f0qx4n2cc2f00000gn/T//cc5gSZPa.o

.bss            0x800000c0        0x0
                0x800000c0                        __bss = .
 *(.bss .bss.* .sbss .sbss.*)
 .bss           0x800000c0        0x0 /var/folders/w4/s3c6b8t56yb0f0qx4n2cc2f00000gn/T//ccgiG2fq.o
 .bss           0x800000c0        0x0 /var/folders/w4/s3c6b8t56yb0f0qx4n2cc2f00000gn/T//cc5gSZPa.o
                0x800000c0                        __bss_end = .
                0x80001000                        . = ALIGN (0x1000)
                0x80001000                        __stack0 = .
                0x80002000                        . = (. + 0x1000)
                0x80002000                        __kernel_end = .
OUTPUT(kernel elf32-littleriscv)

.riscv.attributes
                0x00000000       0x4f
 .riscv.attributes
                0x00000000       0x49 /var/folders/w4/s3c6b8t56yb0f0qx4n2cc2f00000gn/T//ccgiG2fq.o
 .riscv.attributes
                0x00000049       0x4f /var/folders/w4/s3c6b8t56yb0f0qx4n2cc2f00000gn/T//cc5gSZPa.o

.comment        0x00000000       0x12
 .comment       0x00000000       0x12 /var/folders/w4/s3c6b8t56yb0f0qx4n2cc2f00000gn/T//cc5gSZPa.o
                                 0x13 (size before relaxing)

.note.GNU-stack
                0x00000000        0x0
 .note.GNU-stack
                0x00000000        0x0 /var/folders/w4/s3c6b8t56yb0f0qx4n2cc2f00000gn/T//cc5gSZPa.o

.debug_line     0x00000000      0x152
 .debug_line    0x00000000       0x4c /var/folders/w4/s3c6b8t56yb0f0qx4n2cc2f00000gn/T//ccgiG2fq.o
 .debug_line    0x0000004c      0x106 /var/folders/w4/s3c6b8t56yb0f0qx4n2cc2f00000gn/T//cc5gSZPa.o

.debug_line_str
                0x00000000       0x61
 .debug_line_str
                0x00000000       0x61 /var/folders/w4/s3c6b8t56yb0f0qx4n2cc2f00000gn/T//ccgiG2fq.o
                                 0x58 (size before relaxing)
 .debug_line_str
                0x00000061        0x0 /var/folders/w4/s3c6b8t56yb0f0qx4n2cc2f00000gn/T//cc5gSZPa.o
                                 0x59 (size before relaxing)

.debug_info     0x00000000      0x11e
 .debug_info    0x00000000       0x24 /var/folders/w4/s3c6b8t56yb0f0qx4n2cc2f00000gn/T//ccgiG2fq.o
 .debug_info    0x00000024       0xfa /var/folders/w4/s3c6b8t56yb0f0qx4n2cc2f00000gn/T//cc5gSZPa.o

.debug_abbrev   0x00000000       0xee
 .debug_abbrev  0x00000000       0x14 /var/folders/w4/s3c6b8t56yb0f0qx4n2cc2f00000gn/T//ccgiG2fq.o
 .debug_abbrev  0x00000014       0xda /var/folders/w4/s3c6b8t56yb0f0qx4n2cc2f00000gn/T//cc5gSZPa.o

.debug_aranges  0x00000000       0x40
 .debug_aranges
                0x00000000       0x20 /var/folders/w4/s3c6b8t56yb0f0qx4n2cc2f00000gn/T//ccgiG2fq.o
 .debug_aranges
                0x00000020       0x20 /var/folders/w4/s3c6b8t56yb0f0qx4n2cc2f00000gn/T//cc5gSZPa.o

.debug_str      0x00000000      0x17e
 .debug_str     0x00000000      0x17e /var/folders/w4/s3c6b8t56yb0f0qx4n2cc2f00000gn/T//ccgiG2fq.o
                                 0x66 (size before relaxing)
 .debug_str     0x0000017e        0x0 /var/folders/w4/s3c6b8t56yb0f0qx4n2cc2f00000gn/T//cc5gSZPa.o
                                0x12a (size before relaxing)

.debug_loclists
                0x00000000       0x1b
 .debug_loclists
                0x00000000       0x1b /var/folders/w4/s3c6b8t56yb0f0qx4n2cc2f00000gn/T//cc5gSZPa.o

.debug_frame    0x00000000       0x80
 .debug_frame   0x00000000       0x80 /var/folders/w4/s3c6b8t56yb0f0qx4n2cc2f00000gn/T//cc5gSZPa.o
