
There are no discarded input sections

Memory Configuration

Name             Origin             Length             Attributes
*default*        0x00000000         0xffffffff

Linker script and memory map

LOAD /var/folders/48/zg4mhgvx6hdd32cd1k49z1vm0000gn/T//ccVzK7MR.o
LOAD /var/folders/48/zg4mhgvx6hdd32cd1k49z1vm0000gn/T//ccgq4wIC.o
LOAD /var/folders/48/zg4mhgvx6hdd32cd1k49z1vm0000gn/T//ccOdCDIA.o
LOAD /var/folders/48/zg4mhgvx6hdd32cd1k49z1vm0000gn/T//cc1SM3xO.o
LOAD /var/folders/48/zg4mhgvx6hdd32cd1k49z1vm0000gn/T//ccVWMDZw.o
                0x80000000                        . = 0x80000000

.text           0x80000000      0x508
 *(.text.boot)
 *(.text .text.*)
 .text          0x80000000       0x8c /var/folders/48/zg4mhgvx6hdd32cd1k49z1vm0000gn/T//ccVzK7MR.o
                0x80000000                boot
                0x80000074                cpuid
                0x8000007c                disable_interrupts
                0x80000084                enable_interrupts
 .text          0x8000008c       0x80 /var/folders/48/zg4mhgvx6hdd32cd1k49z1vm0000gn/T//ccgq4wIC.o
                0x8000008c                console_putc
                0x800000c8                console_puts
 .text          0x8000010c       0x64 /var/folders/48/zg4mhgvx6hdd32cd1k49z1vm0000gn/T//ccOdCDIA.o
                0x8000010c                kernel_main
 .text          0x80000170      0x324 /var/folders/48/zg4mhgvx6hdd32cd1k49z1vm0000gn/T//cc1SM3xO.o
                0x80000170                memset
                0x800001a8                memcpy
                0x800001e8                strcpy
                0x80000234                strcmp
                0x80000280                printf
 .text          0x80000494       0x74 /var/folders/48/zg4mhgvx6hdd32cd1k49z1vm0000gn/T//ccVWMDZw.o
                0x80000494                acquire
                0x800004d8                release

.rodata         0x80000508       0x5d
 *(.rodata .rodata.*)
 .rodata.str1.4
                0x80000508       0x5d /var/folders/48/zg4mhgvx6hdd32cd1k49z1vm0000gn/T//ccOdCDIA.o
                                 0x49 (size before relaxing)
 .rodata.str1.4
                0x80000565        0x0 /var/folders/48/zg4mhgvx6hdd32cd1k49z1vm0000gn/T//cc1SM3xO.o
                                 0x11 (size before relaxing)

.rela.dyn       0x80000568        0x0
 .rela.text     0x80000568        0x0 /var/folders/48/zg4mhgvx6hdd32cd1k49z1vm0000gn/T//ccVzK7MR.o

.data           0x80000568        0x0
 *(.data .data.*)
 .data          0x80000568        0x0 /var/folders/48/zg4mhgvx6hdd32cd1k49z1vm0000gn/T//ccVzK7MR.o
 .data          0x80000568        0x0 /var/folders/48/zg4mhgvx6hdd32cd1k49z1vm0000gn/T//ccgq4wIC.o
 .data          0x80000568        0x0 /var/folders/48/zg4mhgvx6hdd32cd1k49z1vm0000gn/T//ccOdCDIA.o
 .data          0x80000568        0x0 /var/folders/48/zg4mhgvx6hdd32cd1k49z1vm0000gn/T//cc1SM3xO.o
 .data          0x80000568        0x0 /var/folders/48/zg4mhgvx6hdd32cd1k49z1vm0000gn/T//ccVWMDZw.o

.bss            0x80000568        0x0
                0x80000568                        __bss = .
 *(.bss .bss.* .sbss .sbss.*)
 .bss           0x80000568        0x0 /var/folders/48/zg4mhgvx6hdd32cd1k49z1vm0000gn/T//ccVzK7MR.o
 .bss           0x80000568        0x0 /var/folders/48/zg4mhgvx6hdd32cd1k49z1vm0000gn/T//ccgq4wIC.o
 .bss           0x80000568        0x0 /var/folders/48/zg4mhgvx6hdd32cd1k49z1vm0000gn/T//ccOdCDIA.o
 .bss           0x80000568        0x0 /var/folders/48/zg4mhgvx6hdd32cd1k49z1vm0000gn/T//cc1SM3xO.o
 .bss           0x80000568        0x0 /var/folders/48/zg4mhgvx6hdd32cd1k49z1vm0000gn/T//ccVWMDZw.o
                0x80000568                        __bss_end = .
                0x80000568                        . = ALIGN (0x4)
                0x80000568                        __stack0 = .
                0x80020568                        . = (. + 0x20000)
                0x80020568                        __kernel_end = .
OUTPUT(kernel elf32-littleriscv)

.riscv.attributes
                0x00000000       0x4f
 .riscv.attributes
                0x00000000       0x4d /var/folders/48/zg4mhgvx6hdd32cd1k49z1vm0000gn/T//ccVzK7MR.o
 .riscv.attributes
                0x0000004d       0x4b /var/folders/48/zg4mhgvx6hdd32cd1k49z1vm0000gn/T//ccgq4wIC.o
 .riscv.attributes
                0x00000098       0x4b /var/folders/48/zg4mhgvx6hdd32cd1k49z1vm0000gn/T//ccOdCDIA.o
 .riscv.attributes
                0x000000e3       0x4b /var/folders/48/zg4mhgvx6hdd32cd1k49z1vm0000gn/T//cc1SM3xO.o
 .riscv.attributes
                0x0000012e       0x4b /var/folders/48/zg4mhgvx6hdd32cd1k49z1vm0000gn/T//ccVWMDZw.o

.comment        0x00000000       0x19
 .comment       0x00000000       0x19 /var/folders/48/zg4mhgvx6hdd32cd1k49z1vm0000gn/T//ccgq4wIC.o
                                 0x1a (size before relaxing)
 .comment       0x00000019        0x0 /var/folders/48/zg4mhgvx6hdd32cd1k49z1vm0000gn/T//ccOdCDIA.o
                                 0x1a (size before relaxing)
 .comment       0x00000019        0x0 /var/folders/48/zg4mhgvx6hdd32cd1k49z1vm0000gn/T//cc1SM3xO.o
                                 0x1a (size before relaxing)
 .comment       0x00000019        0x0 /var/folders/48/zg4mhgvx6hdd32cd1k49z1vm0000gn/T//ccVWMDZw.o
                                 0x1a (size before relaxing)

.note.GNU-stack
                0x00000000        0x0
 .note.GNU-stack
                0x00000000        0x0 /var/folders/48/zg4mhgvx6hdd32cd1k49z1vm0000gn/T//ccgq4wIC.o
 .note.GNU-stack
                0x00000000        0x0 /var/folders/48/zg4mhgvx6hdd32cd1k49z1vm0000gn/T//ccOdCDIA.o
 .note.GNU-stack
                0x00000000        0x0 /var/folders/48/zg4mhgvx6hdd32cd1k49z1vm0000gn/T//cc1SM3xO.o
 .note.GNU-stack
                0x00000000        0x0 /var/folders/48/zg4mhgvx6hdd32cd1k49z1vm0000gn/T//ccVWMDZw.o
